// Jest Snapshot v1, https://goo.gl/fbAQLP

exports[`should render Header correctly 1`] = `
<header
  className="header"
>
  <Link
    href="/"
  >
    <a
      className="header__logo"
    >
      Oberbeer
    </a>
  </Link>
</header>
`;
