// Jest Snapshot v1, https://goo.gl/fbAQLP

exports[`should render LoginPage correctly 1`] = `
<Fragment>
  <button
    className="login__button"
    type="button"
  >
    Log In
  </button>
</Fragment>
`;
